// Jest Snapshot v1, https://goo.gl/fbAQLP

exports[`AppStoreIconSVG renders as expected 1`] = `
<svg
  className="AppStoreIconSVG"
>
  <use
    xlinkHref="#AppStoreIconSymbol"
  />
</svg>
`;
