// Jest Snapshot v1, https://goo.gl/fbAQLP

exports[`Paper renders as expected 1`] = `
<div
  className="Paper"
/>
`;
