// Jest Snapshot v1, https://goo.gl/fbAQLP

exports[`BookingcomSVG renders as expected 1`] = `
<svg
  className="BookingcomSVG"
>
  <use
    xlinkHref="#BookingcomSymbol"
  />
</svg>
`;
