// Jest Snapshot v1, https://goo.gl/fbAQLP

exports[`HoliduSVG renders as expected 1`] = `
<svg
  className="HoliduSVG"
>
  <use
    xlinkHref="#HoliduSymbol"
  />
</svg>
`;
