// Jest Snapshot v1, https://goo.gl/fbAQLP

exports[`Channel renders as expected 1`] = `
<div
  className="Channel"
/>
`;
