// Jest Snapshot v1, https://goo.gl/fbAQLP

exports[`AppStoreIconSVG renders as expected 1`] = `
<svg
  className="ThumbDownSVG"
>
  <use
    xlinkHref="#ThumbDownSymbol"
  />
</svg>
`;

exports[`ThumbDownSVG renders as expected 1`] = `
<svg
  className="ThumbDownSVG"
>
  <use
    xlinkHref="#ThumbDownSymbol"
  />
</svg>
`;
