// Jest Snapshot v1, https://goo.gl/fbAQLP

exports[`Review renders as expected 1`] = `
<div
  className="Review"
>
  <header />
  <div
    className="Review-Message"
  />
</div>
`;
