// Jest Snapshot v1, https://goo.gl/fbAQLP

exports[`Loading renders as expected 1`] = `
<span
  className="Loading"
>
  <p>
    Loading
  </p>
  <span
    className="Loading-Dot"
  />
  <span
    className="Loading-Dot"
  />
  <span
    className="Loading-Dot"
  />
</span>
`;
